i code these git cammand in lecture 2

vivek@check MINGW64 ~
$ pwd
/c/Users/vivek

vivek@check MINGW64 ~
$ cd /d

vivek@check MINGW64 /d
$ cd che

vivek@check MINGW64 /d/che
$ ls

vivek@check MINGW64 /d/che
$ code .

vivek@check MINGW64 /d/che
$ git init
Initialized empty Git repository in D:/che/.git/

vivek@check MINGW64 /d/che (master)
$ touch index.html

vivek@check MINGW64 /d/che (master)
$ ls
index.html  lecture1.txt

vivek@check MINGW64 /d/che (master)
$ git status
On branch master

No commits yet

Untracked files:
  (use "git add <file>..." to include in what will be committed)
        index.html
        lecture1.txt

nothing added to commit but untracked files present (use "git add" to track)

vivek@check MINGW64 /d/che (master)
$ git rm -cached index.html
error: did you mean `--cached` (with two dashes)?

vivek@check MINGW64 /d/che (master)
$ git rm --cached index.html
fatal: pathspec 'index.html' did not match any files

vivek@check MINGW64 /d/che (master)
$ git status
On branch master

No commits yet

Untracked files:
  (use "git add <file>..." to include in what will be committed)
        index.html
        lecture1.txt

nothing added to commit but untracked files present (use "git add" to track)

vivek@check MINGW64 /d/che (master)
$ git add index.html

vivek@check MINGW64 /d/che (master)
$ git status
On branch master

No commits yet

Changes to be committed:
  (use "git rm --cached <file>..." to unstage)
        new file:   index.html

Untracked files:
  (use "git add <file>..." to include in what will be committed)
        lecture1.txt


vivek@check MINGW64 /d/che (master)
$ git rm --cached index.html
rm 'index.html'

vivek@check MINGW64 /d/che (master)
$ git status
On branch master

No commits yet

Untracked files:
  (use "git add <file>..." to include in what will be committed)
        index.html
        lecture1.txt

nothing added to commit but untracked files present (use "git add" to track)

vivek@check MINGW64 /d/che (master)
$ git add
Nothing specified, nothing added.
hint: Maybe you wanted to say 'git add .'?
hint: Turn this message off by running
hint: "git config advice.addEmptyPathspec false"

vivek@check MINGW64 /d/che (master)
$ git status
On branch master

No commits yet

Untracked files:
  (use "git add <file>..." to include in what will be committed)
        index.html
        lecture1.txt

nothing added to commit but untracked files present (use "git add" to track)

vivek@check MINGW64 /d/che (master)
$ git add .

vivek@check MINGW64 /d/che (master)
$ git status
On branch master

No commits yet

Changes to be committed:
  (use "git rm --cached <file>..." to unstage)
        new file:   index.html
        new file:   lecture1.txt


vivek@check MINGW64 /d/che (master)
$ git commit -m "initial commit"
[master (root-commit) 6531341] initial commit
 2 files changed, 6 insertions(+)
 create mode 100644 index.html
 create mode 100644 lecture1.txt

vivek@check MINGW64 /d/che (master)
$ git status
On branch master
nothing to commit, working tree clean

vivek@check MINGW64 /d/che (master)
$ git log
commit 65313414ec0bf4a12f10920e34d3e0f180906104 (HEAD -> master)
Author: Vivek Mishra <csewallah404@gmail.com>
Date:   Sun Jan 28 18:14:40 2024 +0530

    initial commit

vivek@check MINGW64 /d/che (master)
$ git --global name
unknown option: --global
usage: git [-v | --version] [-h | --help] [-C <path>] [-c <name>=<value>]
           [--exec-path[=<path>]] [--html-path] [--man-path] [--info-path]
           [-p | --paginate | -P | --no-pager] [--no-replace-objects] [--bare]
           [--git-dir=<path>] [--work-tree=<path>] [--namespace=<name>]
           [--config-env=<name>=<envvar>] <command> [<args>]

vivek@check MINGW64 /d/che (master)
$ git config user.name "vivek"

vivek@check MINGW64 /d/che (master)
$ git config --global user.name "vivek"

vivek@check MINGW64 /d/che (master)
$ git config user.name
vivek

vivek@check MINGW64 /d/che (master)
$ git config --global user.mail "vivekmishra172003@gmail.com"

vivek@check MINGW64 /d/che (master)
$ git config user.mail
vivekmishra172003@gmail.com

vivek@check MINGW64 /d/che (master)
$ git log
commit 65313414ec0bf4a12f10920e34d3e0f180906104 (HEAD -> master)
Author: Vivek Mishra <csewallah404@gmail.com>
Date:   Sun Jan 28 18:14:40 2024 +0530

    initial commit

vivek@check MINGW64 /d/che (master)
$ git config users.mail

vivek@check MINGW64 /d/che (master)
$ git config user.mail
vivekmishra172003@gmail.com

vivek@check MINGW64 /d/che (master)
$
